


PGF90 (Version     13.5)          07/18/2014  14:45:32      page 1

Switches: -noasm -nodclchk -debug -nodlines -line -list
          -idir /usr/mpi/pgi/mvapich2-1.7-qlc/include
          -idir /usr/mpi/pgi/mvapich2-1.7-qlc/include
          -inform severe -opt 2 -nosave -object -noonetrip
          -depchk on -nostandard     
          -symbol -noupcase    

Filename: flux_calc.f90

(    1) !Crown Copyright 2012 AWE.
(    2) !
(    3) ! This file is part of CloverLeaf.
(    4) !
(    5) ! CloverLeaf is free software: you can redistribute it and/or modify it under 
(    6) ! the terms of the GNU General Public License as published by the 
(    7) ! Free Software Foundation, either version 3 of the License, or (at your option) 
(    8) ! any later version.
(    9) !
(   10) ! CloverLeaf is distributed in the hope that it will be useful, but 
(   11) ! WITHOUT ANY WARRANTY; without even the implied warranty of MERCHANTABILITY or 
(   12) ! FITNESS FOR A PARTICULAR PURPOSE. See the GNU General Public License for more 
(   13) ! details.
(   14) !
(   15) ! You should have received a copy of the GNU General Public License along with 
(   16) ! CloverLeaf. If not, see http://www.gnu.org/licenses/.
(   17) 
(   18) !>  @brief Driver for the flux kernels
(   19) !>  @author Wayne Gaudin
(   20) !>  @details Invokes the used specified flux kernel
(   21) 
(   22) MODULE flux_calc_module
(   23) 
(   24) CONTAINS
(   25) 
(   26) SUBROUTINE flux_calc()
(   27) 
(   28)   USE clover_module
(   29)   USE flux_calc_kernel_module
(   30) 
(   31)   IMPLICIT NONE
(   32) 
(   33)   INTEGER :: c
(   34) 
(   35)   REAL(KIND=8) :: kernel_time,timer
(   36) 
(   37)   IF(profiler_on) kernel_time=timer()
(   38)   DO c=1,chunks_per_task
(   39) 
(   40)     IF(chunks(c)%task.EQ.parallel%task) THEN
(   41) 
(   42)       IF(use_fortran_kernels)THEN
(   43)         CALL flux_calc_kernel(chunks(c)%field%x_min,         &
(   44)                             chunks(c)%field%x_max,           &
(   45)                             chunks(c)%field%y_min,           &
(   46)                             chunks(c)%field%y_max,           &
(   47)                             chunks(c)%field%z_min,           &
(   48)                             chunks(c)%field%z_max,           &
(   49)                             dt,                              &
(   50)                             chunks(c)%field%xarea,           &






PGF90 (Version     13.5)          07/18/2014  14:45:32      page 2

(   51)                             chunks(c)%field%yarea,           &
(   52)                             chunks(c)%field%zarea,           &
(   53)                             chunks(c)%field%xvel0,           &
(   54)                             chunks(c)%field%yvel0,           &
(   55)                             chunks(c)%field%zvel0,           &
(   56)                             chunks(c)%field%xvel1,           &
(   57)                             chunks(c)%field%yvel1,           &
(   58)                             chunks(c)%field%zvel1,           &
(   59)                             chunks(c)%field%vol_flux_x,      &
(   60)                             chunks(c)%field%vol_flux_y,      &
(   61)                             chunks(c)%field%vol_flux_z       )
(   62)       ELSEIF(use_opencl_kernels)THEN
(   63) 	CALL flux_calc_kernel_ocl(dt)
(   64)       ELSEIF(use_C_kernels)THEN
(   65)         CALL flux_calc_kernel_c(chunks(c)%field%x_min,       &
(   66)                             chunks(c)%field%x_max,           &
(   67)                             chunks(c)%field%y_min,           &
(   68)                             chunks(c)%field%y_max,           &
(   69)                             chunks(c)%field%z_min,           &
(   70)                             chunks(c)%field%z_max,           &
(   71)                             dt,                              &
(   72)                             chunks(c)%field%xarea,           &
(   73)                             chunks(c)%field%yarea,           &
(   74)                             chunks(c)%field%zarea,           &
(   75)                             chunks(c)%field%xvel0,           &
(   76)                             chunks(c)%field%yvel0,           &
(   77)                             chunks(c)%field%zvel0,           &
(   78)                             chunks(c)%field%xvel1,           &
(   79)                             chunks(c)%field%yvel1,           &
(   80)                             chunks(c)%field%zvel1,           &
(   81)                             chunks(c)%field%vol_flux_x,      &
(   82)                             chunks(c)%field%vol_flux_y,      &
(   83)                             chunks(c)%field%vol_flux_z       )
(   84)       ENDIF
(   85) 
(   86)     ENDIF
(   87) 
(   88)   ENDDO
(   89)   IF(profiler_on) profiler%flux=profiler%flux+(timer()-kernel_time)
(   90) 
(   91) END SUBROUTINE flux_calc
(   92) 
(   93) END MODULE flux_calc_module
