


PGF90 (Version     13.5)          07/18/2014  14:45:14      page 1

Switches: -noasm -nodclchk -debug -nodlines -line -list
          -idir /usr/mpi/pgi/mvapich2-1.7-qlc/include
          -idir /usr/mpi/pgi/mvapich2-1.7-qlc/include
          -inform severe -opt 2 -nosave -object -noonetrip
          -depchk on -nostandard     
          -symbol -noupcase    

Filename: report.f90

(    1) !Crown Copyright 2012 AWE.
(    2) !
(    3) ! This file is part of CloverLeaf.
(    4) !
(    5) ! CloverLeaf is free software: you can redistribute it and/or modify it under 
(    6) ! the terms of the GNU General Public License as published by the 
(    7) ! Free Software Foundation, either version 3 of the License, or (at your option) 
(    8) ! any later version.
(    9) !
(   10) ! CloverLeaf is distributed in the hope that it will be useful, but 
(   11) ! WITHOUT ANY WARRANTY; without even the implied warranty of MERCHANTABILITY or 
(   12) ! FITNESS FOR A PARTICULAR PURPOSE. See the GNU General Public License for more 
(   13) ! details.
(   14) !
(   15) ! You should have received a copy of the GNU General Public License along with 
(   16) ! CloverLeaf. If not, see http://www.gnu.org/licenses/.
(   17) 
(   18) !>  @brief Controls error reporting 
(   19) !>  @author Wayne Gaudin
(   20) !>  @details Outputs error messages and aborts the calculation.
(   21) 
(   22) MODULE report_module
(   23) 
(   24)   USE data_module
(   25)   USE clover_module
(   26)  
(   27) CONTAINS
(   28) 
(   29) SUBROUTINE report_error(location, error)
(   30) 
(   31)   IMPLICIT NONE
(   32) 
(   33)   CHARACTER(LEN=*)  :: location, error
(   34) 
(   35)   WRITE(*    ,*)
(   36)   WRITE(*    ,*)  'Error from ',location,':'
(   37)   WRITE(*    ,*)  error
(   38)   WRITE(g_out,*)
(   39)   WRITE(g_out,*)  'Error from ',location,':'
(   40)   WRITE(g_out,*)  error
(   41)   WRITE(0    ,*)
(   42)   WRITE(0    ,*)  'Error from ',location,':'
(   43)   WRITE(0    ,*)  error
(   44)   WRITE(*    ,*)
(   45)   WRITE(g_out,*)
(   46)   WRITE(0    ,*)
(   47)   WRITE(*    ,*) 'CLOVER is terminating.'
(   48)   WRITE(*,    *)
(   49)   WRITE(g_out,*) 'CLOVER is terminating.'
(   50)   WRITE(g_out,*)






PGF90 (Version     13.5)          07/18/2014  14:45:14      page 2

(   51)   WRITE(0    ,*) 'CLOVER is terminating.'
(   52)   WRITE(0    ,*)
(   53) 
(   54)   CALL clover_abort
(   55) 
(   56) END SUBROUTINE report_error
(   57) 
(   58) END MODULE report_module
