PGC Version 13.5          07/18/2014  14:45:42      page 1


Switches: -list -object -noxref -nocode -debug -nosingle
          -opt 2  -inform severe   
          -noes 
          -def unix
          -def __unix
          -def __unix__
          -def linux
          -def __linux
          -def __linux__
          -def __NO_MATH_INLINES
          -def __x86_64
          -def __x86_64__
          -def __LONG_MAX__=9223372036854775807L
          -def __SIZE_TYPE__=unsigned long int
          -def __PTRDIFF_TYPE__=long int
          -def __THROW=
          -def __extension__=
          -def __amd_64__amd64__
          -def __k8
          -def __k8__
          -def __SSE__
          -def __MMX__
          -def __SSE2__
          -def __SSE3__
          -def __SSSE3__
          -def #machine(x86_64) #lint(off) #system(posix) #cpu(x86_64)
          -def __pgnu_vsn=40407
          -idir /usr/mpi/pgi/mvapich2-1.7-qlc/include
Filename: revert_kernel_c.c

(    1) /*Crown Copyright 2012 AWE.
(    2) *
(    3) * This file is part of CloverLeaf.
(    4) *
(    5) * CloverLeaf is free software: you can redistribute it and/or modify it under
(    6) * the terms of the GNU General Public License as published by the
(    7) * Free Software Foundation, either version 3 of the License, or (at your option)
(    8) * any later version.
(    9) *
(   10) * CloverLeaf is distributed in the hope that it will be useful, but
(   11) * WITHOUT ANY WARRANTY; without even the implied warranty of MERCHANTABILITY or
(   12) * FITNESS FOR A PARTICULAR PURPOSE. See the GNU General Public License for more
(   13) * details.
(   14) *
(   15) * You should have received a copy of the GNU General Public License along with
(   16) * CloverLeaf. If not, see http://www.gnu.org/licenses/. */
(   17) 
(   18) /**
(   19)  *  @brief C revert kernel.
(   20)  *  @author Wayne Gaudin
(   21)  *  @details Takes the half step field data used in the predictor and reverts
(   22)  *  it to the start of step data, ready for the corrector.
(   23)  *  Note that this does not seem necessary in this proxy-app but should be
(   24)  *  left in to remain relevant to the full method.
(   25)  */
(   26) 
(   27) #include <stdio.h>
(   28) #include <stdlib.h>
(   29) #include "ftocmacros.h"
(   30) #include <math.h>



PGC Version 13.5          07/18/2014  14:45:42      page 2


(   31) 
(   32) void revert_kernel_c_(int *xmin,int *xmax,int *ymin,int *ymax,
(   33)                       double *density0,
(   34)                       double *density1,
(   35)                       double *energy0,
(   36)                       double *energy1)
(   37) 
(   38) {
(   39)   int x_min=*xmin;
(   40)   int x_max=*xmax;
(   41)   int y_min=*ymin;
(   42)   int y_max=*ymax;
(   43) 
(   44)   int j,k;
(   45)   
(   46) #pragma omp parallel
(   47)  {
(   48) #pragma omp for private(j)
(   49)   for (k=y_min;k<=y_max;k++) {
(   50) #pragma ivdep
(   51)     for (j=x_min;j<=x_max;j++) {
(   52)       density1[FTNREF2D(j  ,k  ,x_max+4,x_min-2,y_min-2)]=density0[FTNREF2D(j  ,k  ,x_max+4,x_min-2,y_min-2)];
(   53)     }
(   54)   }
(   55)   
(   56) #pragma omp for private(j)
(   57)   for (k=y_min;k<=y_max;k++) {
(   58) #pragma ivdep
(   59)     for (j=x_min;j<=x_max;j++) {
(   60)       energy1[FTNREF2D(j  ,k  ,x_max+4,x_min-2,y_min-2)]=energy0[FTNREF2D(j  ,k  ,x_max+4,x_min-2,y_min-2)];
(   61)     }
(   62)   }
(   63) 
(   64)  }
(   65) 
(   66) }



























